{
    "homo_sapiens - vcf, tbi, [] - stub": {
        "content": [
            {
                "updio": [
                    [
                        {
                            "id": "test",
                            "child": "NA24385"
                        },
                        [
                            "NA24385.events_list:md5,d41d8cd98f00b204e9800998ecf8427e",
                            "NA24385.log:md5,d41d8cd98f00b204e9800998ecf8427e",
                            "NA24385.table:md5,d41d8cd98f00b204e9800998ecf8427e",
                            "NA24385.upd:md5,d41d8cd98f00b204e9800998ecf8427e"
                        ]
                    ]
                ],
                "versions_updio": [
                    [
                        "UPDIO",
                        "updio",
                        "1.0.0"
                    ]
                ]
            }
        ],
        "timestamp": "2026-02-19T13:32:04.129921838",
        "meta": {
            "nf-test": "0.9.4",
            "nextflow": "25.10.4"
        }
    },
    "homo_sapiens - vcf, tbi, []": {
        "content": [
            {
                "updio": [
                    [
                        {
                            "id": "test",
                            "child": "NA24385"
                        },
                        [
                            "NA24385.events_list:md5,4a26c133ef193d31eddfd18dae94f0a0",
                            "NA24385.log:md5,a40a24f379127a9cde7e40a1ce1032ec",
                            "NA24385.table:md5,ca8165fc7869a113ca034396de7cf579",
                            "NA24385.upd:md5,d41d8cd98f00b204e9800998ecf8427e"
                        ]
                    ]
                ],
                "versions_updio": [
                    [
                        "UPDIO",
                        "updio",
                        "1.0.0"
                    ]
                ]
            }
        ],
        "timestamp": "2026-02-19T13:31:55.734364071",
        "meta": {
            "nf-test": "0.9.4",
            "nextflow": "25.10.4"
        }
    }
}