{
    "bam_call_elprep - dbsnp": {
        "content": [
            [
                [
                    {
                        "groupSize": 3,
                        "groupTarget": {
                            "id": "NA24143",
                            "sample": "NA24143",
                            "family": "Ashkenazim",
                            "family_samples": "NA24143",
                            "split_count": 3,
                            "caller": "elprep"
                        }
                    },
                    "variantsMD5:974ed65cfad6264db7c6589d6b7d7d74",
                    "g.vcf.gz.tbi"
                ]
            ],
            [
                [
                    {
                        "groupSize": 3,
                        "groupTarget": {
                            "id": "NA24143",
                            "sample": "NA24143",
                            "family": "Ashkenazim",
                            "family_samples": "NA24143",
                            "split_count": 3,
                            "caller": "elprep"
                        }
                    },
                    "NA24143.elprep.bcftools_stats.txt:md5,a71e6e794f12b8fd73d0d7132c524cc9"
                ]
            ]
        ],
        "timestamp": "2026-05-20T13:10:30.49019864",
        "meta": {
            "nf-test": "0.9.5",
            "nextflow": "26.04.1"
        }
    },
    "bam_call_elprep - default": {
        "content": [
            [
                [
                    {
                        "groupSize": 3,
                        "groupTarget": {
                            "id": "NA24143",
                            "sample": "NA24143",
                            "family": "Ashkenazim",
                            "family_samples": "NA24143",
                            "split_count": 3,
                            "caller": "elprep"
                        }
                    },
                    "variantsMD5:974ed65cfad6264db7c6589d6b7d7d74",
                    "g.vcf.gz.tbi"
                ]
            ],
            [
                [
                    {
                        "groupSize": 3,
                        "groupTarget": {
                            "id": "NA24143",
                            "sample": "NA24143",
                            "family": "Ashkenazim",
                            "family_samples": "NA24143",
                            "split_count": 3,
                            "caller": "elprep"
                        }
                    },
                    "NA24143.elprep.bcftools_stats.txt:md5,a71e6e794f12b8fd73d0d7132c524cc9"
                ]
            ]
        ],
        "timestamp": "2026-05-20T13:10:04.394063006",
        "meta": {
            "nf-test": "0.9.5",
            "nextflow": "26.04.1"
        }
    }
}