{
    "bam_call_elprep - dbsnp": {
        "content": [
            [
                [
                    {
                        "groupSize": 3,
                        "groupTarget": {
                            "id": "NA24143",
                            "sample": "NA24143",
                            "family": "Ashkenazim",
                            "family_samples": "NA24143",
                            "split_count": 3,
                            "caller": "elprep"
                        }
                    },
                    "variantsMD5:974ed65cfad6264db7c6589d6b7d7d74",
                    "g.vcf.gz.tbi"
                ]
            ],
            [
                [
                    {
                        "groupSize": 3,
                        "groupTarget": {
                            "id": "NA24143",
                            "sample": "NA24143",
                            "family": "Ashkenazim",
                            "family_samples": "NA24143",
                            "split_count": 3,
                            "caller": "elprep"
                        }
                    },
                    "NA24143.elprep.bcftools_stats.txt:md5,19cd6dddfba4f25707b11ce3cbe5e1cc"
                ]
            ]
        ],
        "timestamp": "2026-02-19T15:55:16.72485335",
        "meta": {
            "nf-test": "0.9.4",
            "nextflow": "25.10.4"
        }
    },
    "bam_call_elprep - default": {
        "content": [
            [
                [
                    {
                        "groupSize": 3,
                        "groupTarget": {
                            "id": "NA24143",
                            "sample": "NA24143",
                            "family": "Ashkenazim",
                            "family_samples": "NA24143",
                            "split_count": 3,
                            "caller": "elprep"
                        }
                    },
                    "variantsMD5:974ed65cfad6264db7c6589d6b7d7d74",
                    "g.vcf.gz.tbi"
                ]
            ],
            [
                [
                    {
                        "groupSize": 3,
                        "groupTarget": {
                            "id": "NA24143",
                            "sample": "NA24143",
                            "family": "Ashkenazim",
                            "family_samples": "NA24143",
                            "split_count": 3,
                            "caller": "elprep"
                        }
                    },
                    "NA24143.elprep.bcftools_stats.txt:md5,19cd6dddfba4f25707b11ce3cbe5e1cc"
                ]
            ]
        ],
        "timestamp": "2026-02-19T15:54:58.724133714",
        "meta": {
            "nf-test": "0.9.4",
            "nextflow": "25.10.4"
        }
    }
}