{
    "homo_sapiens - bed": {
        "content": [
            {
                "bed": [
                    [
                        {
                            "id": "test",
                            "single_end": false
                        },
                        "test.bed:md5,ffd6f70b7fa85ffb46fb66a4cf9afb70"
                    ]
                ],
                "versions_bedtools": [
                    [
                        "PROCESS_BEDS",
                        "bedtools",
                        "2.31.0"
                    ]
                ],
                "versions_cat": [
                    [
                        "PROCESS_BEDS",
                        "cat",
                        ""
                    ]
                ],
                "versions_grep": [
                    [
                        "PROCESS_BEDS",
                        "grep",
                        ""
                    ]
                ],
                "versions_zcat": [
                    [
                        "PROCESS_BEDS",
                        "zcat",
                        ""
                    ]
                ]
            }
        ],
        "timestamp": "2026-02-19T13:24:00.019999398",
        "meta": {
            "nf-test": "0.9.4",
            "nextflow": "25.10.4"
        }
    },
    "homo_sapiens - bed - stub": {
        "content": [
            {
                "bed": [
                    [
                        {
                            "id": "test",
                            "single_end": false
                        },
                        "test.bed:md5,d41d8cd98f00b204e9800998ecf8427e"
                    ]
                ],
                "versions_bedtools": [
                    [
                        "PROCESS_BEDS",
                        "bedtools",
                        "2.31.0"
                    ]
                ],
                "versions_cat": [
                    [
                        "PROCESS_BEDS",
                        "cat",
                        ""
                    ]
                ],
                "versions_grep": [
                    [
                        "PROCESS_BEDS",
                        "grep",
                        ""
                    ]
                ],
                "versions_zcat": [
                    [
                        "PROCESS_BEDS",
                        "zcat",
                        ""
                    ]
                ]
            }
        ],
        "timestamp": "2026-02-19T13:24:09.32161452",
        "meta": {
            "nf-test": "0.9.4",
            "nextflow": "25.10.4"
        }
    }
}