{
    "homo_sapiens - bed": {
        "content": [
            {
                "0": [
                    [
                        {
                            "id": "test",
                            "single_end": false
                        },
                        "test.bed:md5,ffd6f70b7fa85ffb46fb66a4cf9afb70"
                    ]
                ],
                "1": [
                    "versions.yml:md5,c6be2bd45c01066eacc08f419bce67d6"
                ],
                "bed": [
                    [
                        {
                            "id": "test",
                            "single_end": false
                        },
                        "test.bed:md5,ffd6f70b7fa85ffb46fb66a4cf9afb70"
                    ]
                ],
                "versions": [
                    "versions.yml:md5,c6be2bd45c01066eacc08f419bce67d6"
                ]
            }
        ],
        "meta": {
            "nf-test": "0.9.1",
            "nextflow": "24.10.3"
        },
        "timestamp": "2025-01-23T16:45:26.442970884"
    },
    "homo_sapiens - bed - stub": {
        "content": [
            {
                "0": [
                    [
                        {
                            "id": "test",
                            "single_end": false
                        },
                        "test.bed:md5,d41d8cd98f00b204e9800998ecf8427e"
                    ]
                ],
                "1": [
                    "versions.yml:md5,c6be2bd45c01066eacc08f419bce67d6"
                ],
                "bed": [
                    [
                        {
                            "id": "test",
                            "single_end": false
                        },
                        "test.bed:md5,d41d8cd98f00b204e9800998ecf8427e"
                    ]
                ],
                "versions": [
                    "versions.yml:md5,c6be2bd45c01066eacc08f419bce67d6"
                ]
            }
        ],
        "meta": {
            "nf-test": "0.9.1",
            "nextflow": "24.10.3"
        },
        "timestamp": "2025-01-23T16:45:35.803097114"
    }
}