{
    "homo_sapiens - bed": {
        "content": [
            {
                "bed": [
                    [
                        {
                            "id": "test",
                            "single_end": false
                        },
                        "test.bed:md5,ffd6f70b7fa85ffb46fb66a4cf9afb70"
                    ]
                ],
                "versions_bedtools": [
                    [
                        "PROCESS_BEDS",
                        "bedtools",
                        "2.31.1"
                    ]
                ],
                "versions_cat": [
                    [
                        "PROCESS_BEDS",
                        "cat",
                        "9.4"
                    ]
                ],
                "versions_grep": [
                    [
                        "PROCESS_BEDS",
                        "grep",
                        "3.11"
                    ]
                ],
                "versions_sort": [
                    [
                        "PROCESS_BEDS",
                        "sort",
                        "9.4"
                    ]
                ],
                "versions_zcat": [
                    [
                        "PROCESS_BEDS",
                        "zcat",
                        "1.12"
                    ]
                ]
            }
        ],
        "timestamp": "2026-03-10T10:41:04.674522253",
        "meta": {
            "nf-test": "0.9.4",
            "nextflow": "25.10.4"
        }
    },
    "homo_sapiens - bed - stub": {
        "content": [
            {
                "bed": [
                    [
                        {
                            "id": "test",
                            "single_end": false
                        },
                        "test.bed:md5,d41d8cd98f00b204e9800998ecf8427e"
                    ]
                ],
                "versions_bedtools": [
                    [
                        "PROCESS_BEDS",
                        "bedtools",
                        "2.31.1"
                    ]
                ],
                "versions_cat": [
                    [
                        "PROCESS_BEDS",
                        "cat",
                        "9.4"
                    ]
                ],
                "versions_grep": [
                    [
                        "PROCESS_BEDS",
                        "grep",
                        "3.11"
                    ]
                ],
                "versions_sort": [
                    [
                        "PROCESS_BEDS",
                        "sort",
                        "9.4"
                    ]
                ],
                "versions_zcat": [
                    [
                        "PROCESS_BEDS",
                        "zcat",
                        "1.12"
                    ]
                ]
            }
        ],
        "timestamp": "2026-03-10T10:41:13.555873592",
        "meta": {
            "nf-test": "0.9.4",
            "nextflow": "25.10.4"
        }
    }
}