{
    "sarscov2 - 2 filters": {
        "content": [
            {
                "0": [
                    [
                        {
                            "id": "vcf_test"
                        },
                        "vcf_test.vcf.gz:md5,8e722884ffb75155212a3fc053918766"
                    ]
                ],
                "1": [
                    [
                        {
                            "id": "vcf_test"
                        },
                        "vcf_test.vcf.gz.tbi:md5,1a1edb22d2a33f9673449827e1cd38e8"
                    ]
                ],
                "2": [
                    
                ],
                "3": [
                    "versions.yml:md5,9a336d1ee26b527d7a2bdbeead155f64"
                ],
                "csi": [
                    
                ],
                "tbi": [
                    [
                        {
                            "id": "vcf_test"
                        },
                        "vcf_test.vcf.gz.tbi:md5,1a1edb22d2a33f9673449827e1cd38e8"
                    ]
                ],
                "vcf": [
                    [
                        {
                            "id": "vcf_test"
                        },
                        "vcf_test.vcf.gz:md5,8e722884ffb75155212a3fc053918766"
                    ]
                ],
                "versions": [
                    "versions.yml:md5,9a336d1ee26b527d7a2bdbeead155f64"
                ]
            }
        ],
        "meta": {
            "nf-test": "0.9.1",
            "nextflow": "24.10.3"
        },
        "timestamp": "2025-01-24T14:15:19.958449133"
    },
    "sarscov2 - 3 filters": {
        "content": [
            {
                "0": [
                    [
                        {
                            "id": "vcf_test"
                        },
                        "vcf_test.vcf.gz:md5,8e722884ffb75155212a3fc053918766"
                    ]
                ],
                "1": [
                    [
                        {
                            "id": "vcf_test"
                        },
                        "vcf_test.vcf.gz.tbi:md5,1a1edb22d2a33f9673449827e1cd38e8"
                    ]
                ],
                "2": [
                    
                ],
                "3": [
                    "versions.yml:md5,9a336d1ee26b527d7a2bdbeead155f64"
                ],
                "csi": [
                    
                ],
                "tbi": [
                    [
                        {
                            "id": "vcf_test"
                        },
                        "vcf_test.vcf.gz.tbi:md5,1a1edb22d2a33f9673449827e1cd38e8"
                    ]
                ],
                "vcf": [
                    [
                        {
                            "id": "vcf_test"
                        },
                        "vcf_test.vcf.gz:md5,8e722884ffb75155212a3fc053918766"
                    ]
                ],
                "versions": [
                    "versions.yml:md5,9a336d1ee26b527d7a2bdbeead155f64"
                ]
            }
        ],
        "meta": {
            "nf-test": "0.9.1",
            "nextflow": "24.10.3"
        },
        "timestamp": "2025-01-24T14:14:01.149643861"
    },
    "sarscov2 - 1 filter": {
        "content": [
            {
                "0": [
                    [
                        {
                            "id": "vcf_test"
                        },
                        "vcf_test.vcf.gz:md5,8e722884ffb75155212a3fc053918766"
                    ]
                ],
                "1": [
                    [
                        {
                            "id": "vcf_test"
                        },
                        "vcf_test.vcf.gz.tbi:md5,1a1edb22d2a33f9673449827e1cd38e8"
                    ]
                ],
                "2": [
                    
                ],
                "3": [
                    "versions.yml:md5,9a336d1ee26b527d7a2bdbeead155f64"
                ],
                "csi": [
                    
                ],
                "tbi": [
                    [
                        {
                            "id": "vcf_test"
                        },
                        "vcf_test.vcf.gz.tbi:md5,1a1edb22d2a33f9673449827e1cd38e8"
                    ]
                ],
                "vcf": [
                    [
                        {
                            "id": "vcf_test"
                        },
                        "vcf_test.vcf.gz:md5,8e722884ffb75155212a3fc053918766"
                    ]
                ],
                "versions": [
                    "versions.yml:md5,9a336d1ee26b527d7a2bdbeead155f64"
                ]
            }
        ],
        "meta": {
            "nf-test": "0.9.1",
            "nextflow": "24.10.3"
        },
        "timestamp": "2025-01-24T14:15:05.44617156"
    }
}