{
    "homo_sapiens - bed": {
        "content": [
            {
                "bed": [
                    [
                        {
                            "id": "test",
                            "single_end": false
                        },
                        "test.bed:md5,fa245abf8add7a80650566a1de67ec04"
                    ]
                ],
                "versions_bedtools": [
                    [
                        "MERGE_BEDS",
                        "bedtools",
                        "2.31.1"
                    ]
                ]
            }
        ],
        "timestamp": "2026-02-19T13:02:56.071109922",
        "meta": {
            "nf-test": "0.9.4",
            "nextflow": "25.10.4"
        }
    },
    "homo_sapiens - bed - stub": {
        "content": [
            {
                "bed": [
                    [
                        {
                            "id": "test",
                            "single_end": false
                        },
                        "test.bed:md5,d41d8cd98f00b204e9800998ecf8427e"
                    ]
                ],
                "versions_bedtools": [
                    [
                        "MERGE_BEDS",
                        "bedtools",
                        "2.31.1"
                    ]
                ]
            }
        ],
        "timestamp": "2026-02-19T13:03:05.099960767",
        "meta": {
            "nf-test": "0.9.4",
            "nextflow": "25.10.4"
        }
    }
}