{
    "default": {
        "content": [
            [
                [
                    {
                        "id": "NA24143",
                        "sample": "NA24143",
                        "family": "Ashkenazim",
                        "family_samples": "NA24143,NA24149,NA24385"
                    },
                    "NA24143.tp.vcf.gz:md5,0b6bad04e59d06df2ebef1ccd3041e5f"
                ]
            ],
            [
                [
                    {
                        "id": "NA24143",
                        "sample": "NA24143",
                        "family": "Ashkenazim",
                        "family_samples": "NA24143,NA24149,NA24385"
                    },
                    "NA24143.tp.vcf.gz.tbi:md5,d715f7cf6fe04bc88aa0774022aa5ba6"
                ]
            ],
            [
                [
                    {
                        "id": "NA24143",
                        "sample": "NA24143",
                        "family": "Ashkenazim",
                        "family_samples": "NA24143,NA24149,NA24385"
                    },
                    "NA24143.fn.vcf.gz:md5,61c444922ddca1689e071e4369cbf34a"
                ]
            ],
            [
                [
                    {
                        "id": "NA24143",
                        "sample": "NA24143",
                        "family": "Ashkenazim",
                        "family_samples": "NA24143,NA24149,NA24385"
                    },
                    "NA24143.fn.vcf.gz.tbi:md5,092a7a3162e7cff25d273525751eb284"
                ]
            ],
            [
                [
                    {
                        "id": "NA24143",
                        "sample": "NA24143",
                        "family": "Ashkenazim",
                        "family_samples": "NA24143,NA24149,NA24385"
                    },
                    "NA24143.fp.vcf.gz:md5,d3d3fa220223626e44732fa0368a2025"
                ]
            ],
            [
                [
                    {
                        "id": "NA24143",
                        "sample": "NA24143",
                        "family": "Ashkenazim",
                        "family_samples": "NA24143,NA24149,NA24385"
                    },
                    "NA24143.fp.vcf.gz.tbi:md5,092a7a3162e7cff25d273525751eb284"
                ]
            ],
            [
                [
                    {
                        "id": "NA24143",
                        "sample": "NA24143",
                        "family": "Ashkenazim",
                        "family_samples": "NA24143,NA24149,NA24385"
                    },
                    "NA24143.tp-baseline.vcf.gz:md5,e8c937d5e03d3119483fd401aadb3e76"
                ]
            ],
            [
                [
                    {
                        "id": "NA24143",
                        "sample": "NA24143",
                        "family": "Ashkenazim",
                        "family_samples": "NA24143,NA24149,NA24385"
                    },
                    "NA24143.tp-baseline.vcf.gz.tbi:md5,cf099505db3ed30514bc2cff57f24c18"
                ]
            ],
            [
                [
                    {
                        "id": "NA24143",
                        "sample": "NA24143",
                        "family": "Ashkenazim",
                        "family_samples": "NA24143,NA24149,NA24385"
                    },
                    "NA24143.summary.txt:md5,11416903ca828b22bd64cf297f2db999"
                ]
            ],
            [
                [
                    {
                        "id": "NA24143",
                        "sample": "NA24143",
                        "family": "Ashkenazim",
                        "family_samples": "NA24143,NA24149,NA24385"
                    },
                    "NA24143.phasing.txt:md5,6c3c42695571ac803b2dae70fe255f40"
                ]
            ],
            [
                [
                    {
                        "id": "NA24143",
                        "sample": "NA24143",
                        "family": "Ashkenazim",
                        "family_samples": "NA24143,NA24149,NA24385"
                    },
                    "NA24143.snp_roc.tsv.gz:md5,931892c4f9287059401ccc36fcd2a771"
                ]
            ],
            [
                [
                    {
                        "id": "NA24143",
                        "sample": "NA24143",
                        "family": "Ashkenazim",
                        "family_samples": "NA24143,NA24149,NA24385"
                    },
                    "NA24143.non_snp_roc.tsv.gz:md5,7493973f8049ae5f07d09712d22e4e46"
                ]
            ],
            [
                [
                    {
                        "id": "NA24143",
                        "sample": "NA24143",
                        "family": "Ashkenazim",
                        "family_samples": "NA24143,NA24149,NA24385"
                    },
                    "NA24143.weighted_roc.tsv.gz:md5,ea0815035a728c8a6e15d40732f90519"
                ]
            ],
            [
                [
                    {
                        "id": "NA24143",
                        "sample": "NA24143",
                        "family": "Ashkenazim",
                        "family_samples": "NA24143,NA24149,NA24385",
                        "roc_type": "snp"
                    },
                    "NA24143.snp.png"
                ]
            ],
            [
                [
                    {
                        "id": "NA24143",
                        "sample": "NA24143",
                        "family": "Ashkenazim",
                        "family_samples": "NA24143,NA24149,NA24385",
                        "roc_type": "non_snp"
                    },
                    "NA24143.non_snp.png"
                ]
            ],
            [
                [
                    {
                        "id": "NA24143",
                        "sample": "NA24143",
                        "family": "Ashkenazim",
                        "family_samples": "NA24143,NA24149,NA24385",
                        "roc_type": "weighted"
                    },
                    "NA24143.weighted.png"
                ]
            ],
            [
                [
                    {
                        "id": "NA24143",
                        "sample": "NA24143",
                        "family": "Ashkenazim",
                        "family_samples": "NA24143,NA24149,NA24385",
                        "roc_type": "snp"
                    },
                    "NA24143.snp.svg"
                ]
            ],
            [
                [
                    {
                        "id": "NA24143",
                        "sample": "NA24143",
                        "family": "Ashkenazim",
                        "family_samples": "NA24143,NA24149,NA24385",
                        "roc_type": "non_snp"
                    },
                    "NA24143.non_snp.svg"
                ]
            ],
            [
                [
                    {
                        "id": "NA24143",
                        "sample": "NA24143",
                        "family": "Ashkenazim",
                        "family_samples": "NA24143,NA24149,NA24385",
                        "roc_type": "weighted"
                    },
                    "NA24143.weighted.svg"
                ]
            ]
        ],
        "meta": {
            "nf-test": "0.9.2",
            "nextflow": "24.10.6"
        },
        "timestamp": "2025-04-25T13:29:49.116455135"
    }
}