{
    "sarscov2 - stub": {
        "content": [
            {
                "samples": [
                    [
                        {
                            "id": "vcf_test"
                        },
                        "vcf_test.txt:md5,d41d8cd98f00b204e9800998ecf8427e"
                    ]
                ],
                "versions_bcftools": [
                    [
                        "BCFTOOLS_GETSAMPLES",
                        "bcftools",
                        "1.20"
                    ]
                ]
            }
        ],
        "timestamp": "2026-02-19T13:01:09.525459068",
        "meta": {
            "nf-test": "0.9.4",
            "nextflow": "25.10.4"
        }
    },
    "sarscov2": {
        "content": [
            {
                "samples": [
                    [
                        {
                            "id": "vcf_test"
                        },
                        "vcf_test.txt:md5,d8e8fca2dc0f896fd7cb4cb0031ba249"
                    ]
                ],
                "versions_bcftools": [
                    [
                        "BCFTOOLS_GETSAMPLES",
                        "bcftools",
                        "1.20"
                    ]
                ]
            }
        ],
        "timestamp": "2026-02-19T13:00:58.241784035",
        "meta": {
            "nf-test": "0.9.4",
            "nextflow": "25.10.4"
        }
    }
}