{
    "pipeline_postprocessing - vcfs": {
        "content": [
            [
                "Proband_12345/output_<version>_<date>/Proband_12345.unknown_caller.db",
                "Proband_12345/output_<version>_<date>/Proband_12345.unknown_caller.ped",
                "Proband_12345/output_<version>_<date>/Proband_12345.unknown_caller.vcf.gz",
                "Proband_12345/output_<version>_<date>/Proband_12345.unknown_caller.vcf.gz.tbi",
                "Proband_12345/output_<version>_<date>/automap/unknown_caller/NA24143.individual.vcf",
                "Proband_12345/output_<version>_<date>/automap/unknown_caller/NA24149.individual.vcf",
                "Proband_12345/output_<version>_<date>/automap/unknown_caller/NA24385.individual.vcf",
                "Proband_12345/output_<version>_<date>/updio/unknown_caller/NA24385.events_list",
                "Proband_12345/output_<version>_<date>/updio/unknown_caller/NA24385.log",
                "Proband_12345/output_<version>_<date>/updio/unknown_caller/NA24385.table",
                "Proband_12345/output_<version>_<date>/updio/unknown_caller/NA24385.upd",
                "Proband_12345/qc_<version>_<date>/Proband_12345.unknown_caller.bcftools_stats.txt",
                "Proband_12345/qc_<version>_<date>/Proband_12345.unknown_caller.html",
                "<version>_<date>/multiqc_data/BETA-multiqc.parquet",
                "<version>_<date>/multiqc_data/bcftools-stats-subtypes.txt",
                "<version>_<date>/multiqc_data/bcftools_stats_indel-lengths.txt",
                "<version>_<date>/multiqc_data/bcftools_stats_variant_depths.txt",
                "<version>_<date>/multiqc_data/bcftools_stats_vqc_Count_Indels.txt",
                "<version>_<date>/multiqc_data/bcftools_stats_vqc_Count_SNP.txt",
                "<version>_<date>/multiqc_data/bcftools_stats_vqc_Count_Transitions.txt",
                "<version>_<date>/multiqc_data/bcftools_stats_vqc_Count_Transversions.txt",
                "<version>_<date>/multiqc_data/multiqc.log",
                "<version>_<date>/multiqc_data/multiqc_bcftools_stats.txt",
                "<version>_<date>/multiqc_data/multiqc_citations.txt",
                "<version>_<date>/multiqc_data/multiqc_data.json",
                "<version>_<date>/multiqc_data/multiqc_general_stats.txt",
                "<version>_<date>/multiqc_data/multiqc_software_versions.txt",
                "<version>_<date>/multiqc_data/multiqc_somalier.txt",
                "<version>_<date>/multiqc_data/multiqc_sources.txt",
                "<version>_<date>/multiqc_data/somalier_het_check_plot.txt",
                "<version>_<date>/multiqc_data/somalier_relatedness_heatmap_plot.txt",
                "<version>_<date>/multiqc_data/somalier_relatedness_plot.txt",
                "<version>_<date>/multiqc_data/somalier_sex_check_plot.txt",
                "<version>_<date>/multiqc_data/somalier_stats.txt",
                "<version>_<date>/multiqc_report.html",
                "<version>_<date>/samplesheet.csv"
            ]
        ],
        "meta": {
            "nf-test": "0.9.2",
            "nextflow": "25.10.3"
        },
        "timestamp": "2026-01-23T14:27:16.807215171"
    },
    "pipeline_postprocessing - vcfs - updio regions": {
        "content": [
            [
                "Proband_12345/output_<version>_<date>/Proband_12345.unknown_caller.ped",
                "Proband_12345/output_<version>_<date>/automap/unknown_caller/NA24143.individual.vcf",
                "Proband_12345/output_<version>_<date>/automap/unknown_caller/NA24149.individual.vcf",
                "Proband_12345/output_<version>_<date>/automap/unknown_caller/NA24385.individual.vcf",
                "Proband_12345/output_<version>_<date>/updio/unknown_caller.filtered/NA24385.events_list",
                "Proband_12345/output_<version>_<date>/updio/unknown_caller.filtered/NA24385.log",
                "Proband_12345/output_<version>_<date>/updio/unknown_caller.filtered/NA24385.table",
                "Proband_12345/output_<version>_<date>/updio/unknown_caller.filtered/NA24385.upd",
                "Proband_12345/qc_<version>_<date>/Proband_12345.unknown_caller.bcftools_stats.txt",
                "Proband_12345/qc_<version>_<date>/Proband_12345.unknown_caller.html",
                "<version>_<date>/multiqc_data/BETA-multiqc.parquet",
                "<version>_<date>/multiqc_data/bcftools-stats-subtypes.txt",
                "<version>_<date>/multiqc_data/bcftools_stats_indel-lengths.txt",
                "<version>_<date>/multiqc_data/bcftools_stats_variant_depths.txt",
                "<version>_<date>/multiqc_data/bcftools_stats_vqc_Count_Indels.txt",
                "<version>_<date>/multiqc_data/bcftools_stats_vqc_Count_SNP.txt",
                "<version>_<date>/multiqc_data/bcftools_stats_vqc_Count_Transitions.txt",
                "<version>_<date>/multiqc_data/bcftools_stats_vqc_Count_Transversions.txt",
                "<version>_<date>/multiqc_data/multiqc.log",
                "<version>_<date>/multiqc_data/multiqc_bcftools_stats.txt",
                "<version>_<date>/multiqc_data/multiqc_citations.txt",
                "<version>_<date>/multiqc_data/multiqc_data.json",
                "<version>_<date>/multiqc_data/multiqc_general_stats.txt",
                "<version>_<date>/multiqc_data/multiqc_software_versions.txt",
                "<version>_<date>/multiqc_data/multiqc_somalier.txt",
                "<version>_<date>/multiqc_data/multiqc_sources.txt",
                "<version>_<date>/multiqc_data/somalier_het_check_plot.txt",
                "<version>_<date>/multiqc_data/somalier_relatedness_heatmap_plot.txt",
                "<version>_<date>/multiqc_data/somalier_relatedness_plot.txt",
                "<version>_<date>/multiqc_data/somalier_sex_check_plot.txt",
                "<version>_<date>/multiqc_data/somalier_stats.txt",
                "<version>_<date>/multiqc_report.html",
                "<version>_<date>/samplesheet.csv"
            ]
        ],
        "meta": {
            "nf-test": "0.9.2",
            "nextflow": "25.10.3"
        },
        "timestamp": "2026-01-23T14:28:27.56134652"
    }
}