{
    "sarscov2 - ensemblvep - large chunks": {
        "content": [
            [
                [
                    {
                        "groupSize": 1,
                        "groupTarget": {
                            "id": "custom_test",
                            "single_end": false
                        }
                    },
                    "custom_test.sorted.vcf.gz,variantsMD5:38fc31c1429fffc7727ce5db161fdb66",
                    "custom_test.sorted.vcf.gz.tbi"
                ]
            ],
            [
                "custom_test0_annotated.vep.vcf.gz_summary.html"
            ]
        ],
        "timestamp": "2026-02-19T15:32:03.402107935",
        "meta": {
            "nf-test": "0.9.4",
            "nextflow": "25.10.4"
        }
    },
    "sarscov2 - ensemblvep - no scatter": {
        "content": [
            [
                [
                    {
                        "id": "custom_test",
                        "single_end": false
                    },
                    "custom_test.vep.vcf.gz,variantsMD5:38fc31c1429fffc7727ce5db161fdb66",
                    "custom_test.vep.vcf.gz.tbi"
                ]
            ],
            [
                "custom_test.vep.vcf.gz_summary.html"
            ]
        ],
        "timestamp": "2026-02-19T15:32:19.497893369",
        "meta": {
            "nf-test": "0.9.4",
            "nextflow": "25.10.4"
        }
    },
    "sarscov2 - ensemblvep": {
        "content": [
            [
                [
                    {
                        "groupSize": 2,
                        "groupTarget": {
                            "id": "custom_test",
                            "single_end": false
                        }
                    },
                    "custom_test.sorted.vcf.gz,variantsMD5:38fc31c1429fffc7727ce5db161fdb66",
                    "custom_test.sorted.vcf.gz.tbi"
                ]
            ],
            [
                "custom_test0_annotated.vep.vcf.gz_summary.html",
                "custom_test1_annotated.vep.vcf.gz_summary.html"
            ]
        ],
        "timestamp": "2026-02-19T15:31:48.169486284",
        "meta": {
            "nf-test": "0.9.4",
            "nextflow": "25.10.4"
        }
    }
}