{
    "cram_prepare_samtools_bedtools - default - WES common ROI": {
        "content": [
            [
                [
                    {
                        "id": "NA24143",
                        "sample": "NA24143",
                        "family": "Ashkenazim",
                        "family_samples": "NA24143",
                        "duplicate_count": 1
                    },
                    "/nf-cmgg/test-datasets/raw/germline/data/genomics/homo_sapiens/illumina/crams/NA24143.cram",
                    "NA24143.cram.crai"
                ]
            ],
            [
                [
                    {
                        "id": "NA24143",
                        "sample": "NA24143",
                        "family": "Ashkenazim",
                        "family_samples": "NA24143",
                        "duplicate_count": 1
                    },
                    "NA24143.bam,readsMD5:77afffb023e537869c5c6ebf31187ded",
                    "NA24143.bam.bai"
                ]
            ],
            [
                [
                    {
                        "id": "NA24143",
                        "sample": "NA24143",
                        "family": "Ashkenazim",
                        "family_samples": "NA24143",
                        "duplicate_count": 1
                    },
                    "NA24143.filter.bed:md5,b87069698afefb15282d069e56110046"
                ]
            ],
            [
                [
                    {
                        "id": "NA24143",
                        "sample": "NA24143",
                        "family": "Ashkenazim",
                        "family_samples": "NA24143",
                        "duplicate_count": 1
                    },
                    "NA24143.per-base.bed.gz:md5,2f773324021d6d1b18c87af240d1a18f",
                    "NA24143.per-base.bed.gz.csi:md5,fe996e285822f6126adcdca8b7517058"
                ]
            ],
            [
                
            ]
        ],
        "meta": {
            "nf-test": "0.9.1",
            "nextflow": "24.10.3"
        },
        "timestamp": "2025-01-23T16:50:04.778372478"
    },
    "cram_prepare_samtools_bedtools - default - WES": {
        "content": [
            [
                [
                    {
                        "id": "NA24143",
                        "sample": "NA24143",
                        "family": "Ashkenazim",
                        "family_samples": "NA24143",
                        "duplicate_count": 1
                    },
                    "/nf-cmgg/test-datasets/raw/germline/data/genomics/homo_sapiens/illumina/crams/NA24143.cram",
                    "NA24143.cram.crai"
                ]
            ],
            [
                
            ],
            [
                [
                    {
                        "id": "NA24143",
                        "sample": "NA24143",
                        "family": "Ashkenazim",
                        "family_samples": "NA24143",
                        "duplicate_count": 1
                    },
                    "NA24143.filter.bed:md5,b87069698afefb15282d069e56110046"
                ]
            ],
            [
                [
                    {
                        "id": "NA24143",
                        "sample": "NA24143",
                        "family": "Ashkenazim",
                        "family_samples": "NA24143",
                        "duplicate_count": 1
                    },
                    "NA24143.per-base.bed.gz:md5,2f773324021d6d1b18c87af240d1a18f",
                    "NA24143.per-base.bed.gz.csi:md5,fe996e285822f6126adcdca8b7517058"
                ]
            ],
            [
                
            ]
        ],
        "meta": {
            "nf-test": "0.9.1",
            "nextflow": "24.10.3"
        },
        "timestamp": "2025-01-23T16:50:16.71563132"
    },
    "cram_prepare_samtools_bedtools - default - WGS": {
        "content": [
            [
                [
                    {
                        "id": "NA24143",
                        "sample": "NA24143",
                        "family": "Ashkenazim",
                        "family_samples": "NA24143",
                        "duplicate_count": 1
                    },
                    "/nf-cmgg/test-datasets/raw/germline/data/genomics/homo_sapiens/illumina/crams/NA24143.cram",
                    "NA24143.cram.crai"
                ]
            ],
            [
                
            ],
            [
                [
                    {
                        "id": "NA24143",
                        "sample": "NA24143",
                        "family": "Ashkenazim",
                        "family_samples": "NA24143",
                        "duplicate_count": 1
                    },
                    "NA24143.filter.bed:md5,85a5568a6976ed455caa712991b30ac2"
                ]
            ],
            [
                [
                    {
                        "id": "NA24143",
                        "sample": "NA24143",
                        "family": "Ashkenazim",
                        "family_samples": "NA24143",
                        "duplicate_count": 1
                    },
                    "NA24143.per-base.bed.gz:md5,2f773324021d6d1b18c87af240d1a18f",
                    "NA24143.per-base.bed.gz.csi:md5,fe996e285822f6126adcdca8b7517058"
                ]
            ],
            [
                
            ]
        ],
        "meta": {
            "nf-test": "0.9.1",
            "nextflow": "24.10.3"
        },
        "timestamp": "2025-01-22T13:38:51.625657423"
    },
    "cram_prepare_samtools_bedtools - default - merge": {
        "content": [
            [
                [
                    {
                        "id": "NA24143",
                        "sample": "NA24143",
                        "family": "Ashkenazim",
                        "family_samples": "NA24143",
                        "duplicate_count": 2
                    },
                    "NA24143.cram,readsMD5:be28f434d6f7bcfa398488a6611d89c1",
                    "NA24143.cram.crai"
                ]
            ],
            [
                [
                    {
                        "id": "NA24143",
                        "sample": "NA24143",
                        "family": "Ashkenazim",
                        "family_samples": "NA24143",
                        "duplicate_count": 2
                    },
                    "NA24143.bam,readsMD5:be28f434d6f7bcfa398488a6611d89c1",
                    "NA24143.bam.bai"
                ]
            ],
            [
                [
                    {
                        "id": "NA24143",
                        "sample": "NA24143",
                        "family": "Ashkenazim",
                        "family_samples": "NA24143",
                        "duplicate_count": 2
                    },
                    "NA24143.filter.bed:md5,b87069698afefb15282d069e56110046"
                ]
            ],
            [
                [
                    {
                        "id": "NA24143",
                        "sample": "NA24143",
                        "family": "Ashkenazim",
                        "family_samples": "NA24143",
                        "duplicate_count": 2
                    },
                    "NA24143.per-base.bed.gz:md5,85e799ea056ba8d127115e012adcbe7a",
                    "NA24143.per-base.bed.gz.csi:md5,3f40731dbdbef353385d04f51feb43b3"
                ]
            ],
            [
                
            ]
        ],
        "meta": {
            "nf-test": "0.9.1",
            "nextflow": "24.10.3"
        },
        "timestamp": "2025-01-23T16:50:46.654809599"
    }
}