{
    "cram_call_gatk4 - default": {
        "content": [
            [
                [
                    {
                        "groupSize": 3,
                        "groupTarget": {
                            "id": "NA24143",
                            "sample": "NA24143",
                            "family": "Ashkenazim",
                            "family_samples": "NA24143",
                            "split_count": 3,
                            "caller": "haplotypecaller"
                        }
                    },
                    "variantsMD5:57a0b3ce429f38292730f965277d28d5",
                    "g.vcf.gz.tbi"
                ]
            ],
            [
                [
                    {
                        "groupSize": 3,
                        "groupTarget": {
                            "id": "NA24143",
                            "sample": "NA24143",
                            "family": "Ashkenazim",
                            "family_samples": "NA24143",
                            "split_count": 3,
                            "caller": "haplotypecaller"
                        }
                    },
                    "NA24143.haplotypecaller.bcftools_stats.txt:md5,63d81443db3b1e15ad38146edb838ace"
                ]
            ]
        ],
        "timestamp": "2026-02-19T15:56:02.842770086",
        "meta": {
            "nf-test": "0.9.4",
            "nextflow": "25.10.4"
        }
    },
    "cram_call_gatk4 - dragstr": {
        "content": [
            [
                [
                    {
                        "groupSize": 3,
                        "groupTarget": {
                            "id": "NA24143",
                            "sample": "NA24143",
                            "family": "Ashkenazim",
                            "family_samples": "NA24143",
                            "split_count": 3,
                            "caller": "haplotypecaller"
                        }
                    },
                    "variantsMD5:69601e4deb53c65d30fff9d260e31bb9",
                    "g.vcf.gz.tbi"
                ]
            ],
            [
                [
                    {
                        "groupSize": 3,
                        "groupTarget": {
                            "id": "NA24143",
                            "sample": "NA24143",
                            "family": "Ashkenazim",
                            "family_samples": "NA24143",
                            "split_count": 3,
                            "caller": "haplotypecaller"
                        }
                    },
                    "NA24143.haplotypecaller.bcftools_stats.txt:md5,d006249d9c92a737fc96cc2534f5fc4d"
                ]
            ]
        ],
        "timestamp": "2026-02-19T15:56:46.610208344",
        "meta": {
            "nf-test": "0.9.4",
            "nextflow": "25.10.4"
        }
    }
}