{
    "vcf_concat_bcftools": {
        "content": [
            [
                [
                    {
                        "groupSize": 2,
                        "groupTarget": {
                            "id": "NA24143",
                            "sample": "NA24143",
                            "family": "Ashkenazim",
                            "family_samples": "NA24143",
                            "caller": "haplotypecaller",
                            "split_count": 2
                        }
                    },
                    "variantsMD5:843352db8fe3f441ffa026dc72a30c35"
                ]
            ]
        ],
        "meta": {
            "nf-test": "0.9.1",
            "nextflow": "24.10.3"
        },
        "timestamp": "2025-01-23T17:07:22.212689866"
    }
}