{
    "pipeline_default - gvcfs": {
        "content": [
            [
                "Ashkenazim/output_<version>_<date>/Ashkenazim.haplotypecaller.bed",
                "Ashkenazim/output_<version>_<date>/Ashkenazim.haplotypecaller.ped",
                "Ashkenazim/output_<version>_<date>/Ashkenazim.haplotypecaller.vcf.gz",
                "Ashkenazim/output_<version>_<date>/Ashkenazim.haplotypecaller.vcf.gz.tbi",
                "Ashkenazim/output_<version>_<date>/automap/haplotypecaller/sample1.HomRegions.cmgg_bio.tsv",
                "Ashkenazim/output_<version>_<date>/automap/haplotypecaller/sample1.HomRegions.pdf",
                "Ashkenazim/output_<version>_<date>/automap/haplotypecaller/sample1.HomRegions.strict.cmgg_bio.tsv",
                "Ashkenazim/output_<version>_<date>/automap/haplotypecaller/sample1.HomRegions.tsv",
                "Ashkenazim/output_<version>_<date>/automap/haplotypecaller/sample2.HomRegions.cmgg_bio.tsv",
                "Ashkenazim/output_<version>_<date>/automap/haplotypecaller/sample2.HomRegions.pdf",
                "Ashkenazim/output_<version>_<date>/automap/haplotypecaller/sample2.HomRegions.strict.cmgg_bio.tsv",
                "Ashkenazim/output_<version>_<date>/automap/haplotypecaller/sample2.HomRegions.tsv",
                "Ashkenazim/output_<version>_<date>/automap/haplotypecaller/sample3.HomRegions.cmgg_bio.tsv",
                "Ashkenazim/output_<version>_<date>/automap/haplotypecaller/sample3.HomRegions.pdf",
                "Ashkenazim/output_<version>_<date>/automap/haplotypecaller/sample3.HomRegions.strict.cmgg_bio.tsv",
                "Ashkenazim/output_<version>_<date>/automap/haplotypecaller/sample3.HomRegions.tsv",
                "Ashkenazim/qc_<version>_<date>/Ashkenazim.haplotypecaller.bcftools_stats.txt",
                "Ashkenazim/qc_<version>_<date>/Ashkenazim.haplotypecaller.html",
                "<version>_<date>/multiqc_report.html",
                "<version>_<date>/samplesheet.csv"
            ]
        ],
        "meta": {
            "nf-test": "0.9.2",
            "nextflow": "25.10.3"
        },
        "timestamp": "2026-01-23T13:51:21.125548081"
    }
}