{
    "vcf_filter_bcftools": {
        "content": [
            [
                [
                    {
                        "id": "NA24143",
                        "sample": "NA24143",
                        "family": "Ashkenazim",
                        "family_samples": "NA24143",
                        "caller": "haplotypecaller"
                    },
                    "variantsMD5:2ce8bc96a9b3afbf060cdd89e74c4c82"
                ]
            ]
        ],
        "meta": {
            "nf-test": "0.9.1",
            "nextflow": "24.10.3"
        },
        "timestamp": "2025-01-23T17:11:49.839538282"
    }
}