{
    "gvcf_joint_genotype_gatk4 - single_sample + family": {
        "content": [
            [
                [
                    {
                        "groupSize": 1,
                        "groupTarget": {
                            "family": "Ashkenazim",
                            "family_samples": "NA24143,NA24149",
                            "caller": "haplotypecaller",
                            "id": "Ashkenazim",
                            "split_count": 1
                        }
                    },
                    "variantsMD5:4dea305eb71decb122709e75af9c833f",
                    "vcf.gz.tbi"
                ],
                [
                    {
                        "groupSize": 2,
                        "groupTarget": {
                            "family": "NA24385",
                            "family_samples": "NA24385",
                            "caller": "haplotypecaller",
                            "id": "NA24385",
                            "split_count": 2
                        }
                    },
                    "variantsMD5:4ffd515511f59e3561e3fb1b046d7675",
                    "vcf.gz.tbi"
                ]
            ]
        ],
        "meta": {
            "nf-test": "0.9.1",
            "nextflow": "24.10.3"
        },
        "timestamp": "2025-01-23T17:30:36.436180908"
    },
    "gvcf_joint_genotype_gatk4 - single_sample": {
        "content": [
            [
                [
                    {
                        "groupSize": 1,
                        "groupTarget": {
                            "family": "Ashkenazim",
                            "family_samples": "NA24143",
                            "caller": "haplotypecaller",
                            "id": "Ashkenazim",
                            "split_count": 1
                        }
                    },
                    "variantsMD5:4c6db9171912bcbbaefeec2a24968a",
                    "vcf.gz.tbi"
                ]
            ]
        ],
        "meta": {
            "nf-test": "0.9.1",
            "nextflow": "24.10.3"
        },
        "timestamp": "2025-01-23T17:29:22.682758973"
    },
    "gvcf_joint_genotype_gatk4 - only_merge": {
        "content": [
            [
                
            ]
        ],
        "meta": {
            "nf-test": "0.9.1",
            "nextflow": "24.10.0"
        },
        "timestamp": "2024-11-05T11:43:25.386070284"
    },
    "gvcf_joint_genotype_gatk4 - family": {
        "content": [
            [
                [
                    {
                        "groupSize": 1,
                        "groupTarget": {
                            "family": "Ashkenazim",
                            "family_samples": "NA24143,NA24149",
                            "caller": "haplotypecaller",
                            "id": "Ashkenazim",
                            "split_count": 1
                        }
                    },
                    "variantsMD5:4dea305eb71decb122709e75af9c833f",
                    "vcf.gz.tbi"
                ]
            ]
        ],
        "meta": {
            "nf-test": "0.9.1",
            "nextflow": "24.10.3"
        },
        "timestamp": "2025-01-23T17:29:47.754017104"
    }
}