{
    "bam_call_vardictjava - default": {
        "content": [
            [
                [
                    {
                        "id": "NA24143",
                        "sample": "NA24143",
                        "family": "Ashkenazim",
                        "family_samples": "NA24143",
                        "split_count": 3,
                        "caller": "vardict"
                    },
                    "variantsMD5:98497d2c15c6e3781f5ddeb81bf6288f",
                    "vcf.gz.tbi"
                ]
            ]
        ],
        "meta": {
            "nf-test": "0.9.1",
            "nextflow": "24.10.3"
        },
        "timestamp": "2025-01-23T17:23:57.944543761"
    }
}