{
    "vcf_upd_updio - default - family": {
        "content": [
            [
                [
                    {
                        "id": "Ashkenazim",
                        "family": "Ashkenazim",
                        "family_samples": "NA24143,NA24149,NA24385",
                        "caller": "haplotypecaller",
                        "child": "NA24385",
                        "father": "NA24149",
                        "mother": "NA24143"
                    },
                    [
                        "NA24385.events_list:md5,c61379c7a4bb61cbe9612b5cda773cf4",
                        "NA24385.log:md5,ea4c71f55c4a53ecdc74f00659ea161d",
                        "NA24385.table:md5,ca8165fc7869a113ca034396de7cf579",
                        "NA24385.upd:md5,d41d8cd98f00b204e9800998ecf8427e"
                    ]
                ]
            ]
        ],
        "meta": {
            "nf-test": "0.9.2",
            "nextflow": "25.04.6"
        },
        "timestamp": "2025-09-29T15:58:24.685864226"
    },
    "vcf_upd_updio - region - family": {
        "content": [
            [
                [
                    {
                        "id": "Ashkenazim",
                        "family": "Ashkenazim",
                        "family_samples": "NA24143,NA24149,NA24385",
                        "caller": "haplotypecaller",
                        "child": "NA24385",
                        "father": "NA24149",
                        "mother": "NA24143"
                    },
                    [
                        "NA24385.events_list:md5,c61379c7a4bb61cbe9612b5cda773cf4",
                        "NA24385.log:md5,ea4c71f55c4a53ecdc74f00659ea161d",
                        "NA24385.table:md5,ca8165fc7869a113ca034396de7cf579",
                        "NA24385.upd:md5,d41d8cd98f00b204e9800998ecf8427e"
                    ]
                ]
            ]
        ],
        "meta": {
            "nf-test": "0.9.2",
            "nextflow": "25.04.6"
        },
        "timestamp": "2025-09-29T15:58:42.587813258"
    },
    "vcf_upd_updio - default - sample": {
        "content": [
            [
                
            ]
        ],
        "meta": {
            "nf-test": "0.9.2",
            "nextflow": "25.04.6"
        },
        "timestamp": "2025-09-29T16:03:35.579461298"
    }
}